// Vitest Snapshot v1, https://vitest.dev/guide/snapshot.html

exports[`HomeView > Matches snapshot 1`] = `
"<!-- <main>
    <TheWelcome />
  </main> -->"
`;
