// Vitest Snapshot v1, https://vitest.dev/guide/snapshot.html

exports[`AboutPage > Matches snapshot 1`] = `"<div> About Page </div>"`;
